[frontend.big-skins.com/seiko/html/index.html]
[backblue.gif]
[fade.gif]
[index.html]
[frontend.big-skins.com/seiko/html/favicon.ico]
[frontend.big-skins.com/seiko/html/js/vendor/bootstrap/bootstrap.min.css]
[frontend.big-skins.com/seiko/html/js/vendor/slick/slick.css]
[frontend.big-skins.com/seiko/html/js/vendor/swiper/swiper.min.css]
[frontend.big-skins.com/seiko/html/js/vendor/magnificpopup/dist/magnific-popup.css]
[frontend.big-skins.com/seiko/html/js/vendor/nouislider/nouislider.css]
[frontend.big-skins.com/seiko/html/js/vendor/darktooltip/dist/darktooltip.css]
[frontend.big-skins.com/seiko/html/css/animate.css]
[frontend.big-skins.com/seiko/html/css/style.css]
[frontend.big-skins.com/seiko/html/css/megamenu.css]
[frontend.big-skins.com/seiko/html/css/tools.css]
[frontend.big-skins.com/seiko/html/css/style-color-pink.css]
[frontend.big-skins.com/seiko/html/css/style-color-green.css]
[frontend.big-skins.com/seiko/html/css/style-color-lightgreen.css]
[frontend.big-skins.com/seiko/html/css/style-color-blue.css]
[frontend.big-skins.com/seiko/html/css/style-color-lightblue.css]
[frontend.big-skins.com/seiko/html/css/style-color-violet.css]
[frontend.big-skins.com/seiko/html/css/style-color-tomato.css]
[frontend.big-skins.com/seiko/html/css/style-color-caribbean.css]
[frontend.big-skins.com/seiko/html/css/style-color-orange.css]
[frontend.big-skins.com/seiko/html/fonts/icomoon-reg/style.css]
[www.google-analytics.com/analytics.js]
[frontend.big-skins.com/seiko/html/images/animate-tools.gif]
[frontend.big-skins.com/seiko/html/cart.html]
[frontend.big-skins.com/seiko/html/images/products/product-16-c1.jpg]
[frontend.big-skins.com/seiko/html/images/products/product-20.jpg]
[frontend.big-skins.com/seiko/html/images/products/product-18.jpg]
[frontend.big-skins.com/seiko/html/checkout.html]
[frontend.big-skins.com/seiko/html/images/flags/eng.png]
[frontend.big-skins.com/seiko/html/images/flags/fr.png]
[frontend.big-skins.com/seiko/html/images/flags/den.png]
[frontend.big-skins.com/seiko/html/account-create.html]
[frontend.big-skins.com/seiko/html/index-2.html]
[frontend.big-skins.com/seiko/html/index-bg-white.html]
[frontend.big-skins.com/seiko/html/index-layout-6.html]
[frontend.big-skins.com/seiko/html/index-layout-1.html]
[frontend.big-skins.com/seiko/html/index-layout-2.html]
[frontend.big-skins.com/seiko/html/index-layout-3.html]
[frontend.big-skins.com/seiko/html/index-fullscreen-slider.html]
[frontend.big-skins.com/seiko/html/index-layout-4.html]
[frontend.big-skins.com/seiko/html/index-layout-5.html]
[frontend.big-skins.com/seiko/html/index-rtl.html]
[frontend.big-skins.com/seiko/html/index-popup.html]
[frontend.big-skins.com/seiko/html/category-fixed-sidebar.html]
[frontend.big-skins.com/seiko/html/category.html]
[frontend.big-skins.com/seiko/html/category-no-filter.html]
[frontend.big-skins.com/seiko/html/category-empty.html]
[frontend.big-skins.com/seiko/html/category-2-per-row.html]
[frontend.big-skins.com/seiko/html/category-3-per-row.html]
[frontend.big-skins.com/seiko/html/category-4-per-row.html]
[frontend.big-skins.com/seiko/html/category-5-per-row.html]
[frontend.big-skins.com/seiko/html/product.html]
[frontend.big-skins.com/seiko/html/product-image-small.html]
[frontend.big-skins.com/seiko/html/product-image-medium.html]
[frontend.big-skins.com/seiko/html/product-image-medium-plus.html]
[frontend.big-skins.com/seiko/html/product-image-large.html]
[frontend.big-skins.com/seiko/html/product-creative.html]
[frontend.big-skins.com/seiko/html/header-variant-1.html]
[frontend.big-skins.com/seiko/html/header-variant-2.html]
[frontend.big-skins.com/seiko/html/header-variant-3.html]
[frontend.big-skins.com/seiko/html/header-variant-4.html]
[frontend.big-skins.com/seiko/html/header-variant-5.html]
[frontend.big-skins.com/seiko/html/header-variant-6.html]
[frontend.big-skins.com/seiko/html/header-variant-7.html]
[frontend.big-skins.com/seiko/html/header-variant-8.html]
[frontend.big-skins.com/seiko/html/header-variant-9.html]
[frontend.big-skins.com/seiko/html/footer-variant-1.html]
[frontend.big-skins.com/seiko/html/footer-variant-2.html]
[frontend.big-skins.com/seiko/html/footer-variant-3.html]
[frontend.big-skins.com/seiko/html/footer-variant-4.html]
[frontend.big-skins.com/seiko/html/gallery.html]
[frontend.big-skins.com/seiko/html/gallery-3-per-row.html]
[frontend.big-skins.com/seiko/html/gallery-simple.html]
[frontend.big-skins.com/seiko/html/blog.html]
[frontend.big-skins.com/seiko/html/blog-grid-2.html]
[frontend.big-skins.com/seiko/html/blog-grid-3.html]
[frontend.big-skins.com/seiko/html/blog-grid-4.html]
[frontend.big-skins.com/seiko/html/blog-single.html]
[frontend.big-skins.com/seiko/html/faq.html]
[frontend.big-skins.com/seiko/html/about.html]
[frontend.big-skins.com/seiko/html/404.html]
[frontend.big-skins.com/seiko/html/contact.html]
[frontend.big-skins.com/seiko/html/typography.html]
[frontend.big-skins.com/seiko/html/coming-soon.html]
[frontend.big-skins.com/seiko/html/login.html]
[frontend.big-skins.com/seiko/html/cart-empty.html]
[frontend.big-skins.com/seiko/html/wishlist.html]
[frontend.big-skins.com/seiko/html/images/layout/layout-1.jpg]
[frontend.big-skins.com/seiko/html/images/layout/layout-2.jpg]
[frontend.big-skins.com/seiko/html/images/layout/layout-3.jpg]
[frontend.big-skins.com/seiko/html/images/layout/layout-4.jpg]
[frontend.big-skins.com/seiko/html/images/layout/layout-6.jpg]
[frontend.big-skins.com/seiko/html/images/layout/layout-7.jpg]
[frontend.big-skins.com/seiko/html/images/layout/layout-5.jpg]
[frontend.big-skins.com/seiko/html/images/layout/layout-8.jpg]
[frontend.big-skins.com/seiko/html/images/layout/layout-9.jpg]
[frontend.big-skins.com/seiko/html/images/layout/layout-10.jpg]
[frontend.big-skins.com/seiko/html/images/category/megamenu-category-03.jpg]
[frontend.big-skins.com/seiko/html/images/category/megamenu-category-04.jpg]
[frontend.big-skins.com/seiko/html/images/category/megamenu-category-05.jpg]
[frontend.big-skins.com/seiko/html/images/category/megamenu-category-06.jpg]
[frontend.big-skins.com/seiko/html/images/banners/banner-1.jpg]
[frontend.big-skins.com/seiko/html/images/category/megamenu-category-01-1.jpg]
[frontend.big-skins.com/seiko/html/images/category/megamenu-category-02-1.jpg]
[frontend.big-skins.com/seiko/html/images/banners/banner-megamenu.jpg]
[frontend.big-skins.com/seiko/html/images/banners/banner-21.jpg]
[frontend.big-skins.com/seiko/html/images/category/megamenu-category-07.jpg]
[frontend.big-skins.com/seiko/html/images/category/megamenu-category-09.jpg]
[frontend.big-skins.com/seiko/html/images/category/megamenu-category-08.jpg]
[frontend.big-skins.com/seiko/html/images/slider/slide-02.jpg]
[frontend.big-skins.com/seiko/html/images/slider/slide-03-thumb.png]
[frontend.big-skins.com/seiko/html/images/slider/slide-03.jpg]
[frontend.big-skins.com/seiko/html/images/slider/slide-01-thumb.png]
[frontend.big-skins.com/seiko/html/images/slider/slide-01.jpg]
[frontend.big-skins.com/seiko/html/quick-view.html]
[frontend.big-skins.com/seiko/html/images/colorswatch/color-blue.png]
[frontend.big-skins.com/seiko/html/images/colorswatch/color-grey.png]
[frontend.big-skins.com/seiko/html/images/colorswatch/color-red.png]
[frontend.big-skins.com/seiko/html/images/colorswatch/color-violet.png]
[frontend.big-skins.com/seiko/html/images/colorswatch/color-green.png]
[frontend.big-skins.com/seiko/html/images/products/product-20-1.jpg]
[frontend.big-skins.com/seiko/html/images/products/product-20-2.jpg]
[frontend.big-skins.com/seiko/html/images/products/product-26.jpg]
[frontend.big-skins.com/seiko/html/images/products/product-26-1.jpg]
[frontend.big-skins.com/seiko/html/images/products/product-26-2.jpg]
[frontend.big-skins.com/seiko/html/images/products/product-25.jpg]
[frontend.big-skins.com/seiko/html/images/products/product-25-1.jpg]
[frontend.big-skins.com/seiko/html/images/products/product-18-1.jpg]
[frontend.big-skins.com/seiko/html/images/products/product-10.jpg]
[frontend.big-skins.com/seiko/html/images/products/product-17.jpg]
[frontend.big-skins.com/seiko/html/images/products/product-17-1.jpg]
[frontend.big-skins.com/seiko/html/images/products/product-17-2.jpg]
[frontend.big-skins.com/seiko/html/images/products/product-27.jpg]
[frontend.big-skins.com/seiko/html/images/banners/banner-layout-5.jpg]
[frontend.big-skins.com/seiko/html/images/banners/banner-layout-6.jpg]
[frontend.big-skins.com/seiko/html/images/blog/blog-1.jpg]
[frontend.big-skins.com/seiko/html/images/blog/blog-2.jpg]
[frontend.big-skins.com/seiko/html/images/blog/blog-3.jpg]
[frontend.big-skins.com/seiko/html/images/blog/blog-4.jpg]
[frontend.big-skins.com/seiko/html/images/products/product-19.jpg]
[frontend.big-skins.com/seiko/html/images/products/product-19-1.jpg]
[frontend.big-skins.com/seiko/html/images/products/product-19-2.jpg]
[frontend.big-skins.com/seiko/html/images/products/product-19-3.jpg]
[frontend.big-skins.com/seiko/html/images/colorswatch/color-yellow.png]
[frontend.big-skins.com/seiko/html/images/products/product-13.jpg]
[frontend.big-skins.com/seiko/html/images/products/product-11-1.jpg]
[frontend.big-skins.com/seiko/html/images/products/product-11.jpg]
[frontend.big-skins.com/seiko/html/images/products/product-11-2.jpg]
[frontend.big-skins.com/seiko/html/search.html]
[frontend.big-skins.com/seiko/html/images/banners/footer-banner.jpg]
[frontend.big-skins.com/seiko/html/images/payment-logo/icon-pay-1.png]
[frontend.big-skins.com/seiko/html/images/payment-logo/icon-pay-2.png]
[frontend.big-skins.com/seiko/html/images/payment-logo/icon-pay-3.png]
[frontend.big-skins.com/seiko/html/images/payment-logo/icon-pay-4.png]
[frontend.big-skins.com/seiko/html/images/products/product-12.jpg]
[frontend.big-skins.com/seiko/html/images/products/product-14.jpg]
[frontend.big-skins.com/seiko/html/images/products/product-15.jpg]
[frontend.big-skins.com/seiko/html/js/vendor/bootstrap/bootstrap.min.js]
[frontend.big-skins.com/seiko/html/js/vendor/parallax/parallax.js]
[frontend.big-skins.com/seiko/html/js/vendor/slick/slick.min.js]
[frontend.big-skins.com/seiko/html/js/vendor/jquery/jquery.js]
[frontend.big-skins.com/seiko/html/js/vendor/swiper/swiper.min.js]
[frontend.big-skins.com/seiko/html/js/vendor/isotope/isotope.pkgd.min.js]
[frontend.big-skins.com/seiko/html/js/vendor/countdown/jquery.countdown.min.js]
[frontend.big-skins.com/seiko/html/js/vendor/magnificpopup/dist/jquery.magnific-popup.js]
[frontend.big-skins.com/seiko/html/js/vendor/nouislider/nouislider.min.js]
[frontend.big-skins.com/seiko/html/js/vendor/ez-plus/jquery.ez-plus.js]
[frontend.big-skins.com/seiko/html/js/vendor/tocca/tocca.min.js]
[frontend.big-skins.com/seiko/html/js/vendor/bootstrap-tabcollapse/bootstrap-tabcollapse.js]
[frontend.big-skins.com/seiko/html/js/vendor/scrollLock/jquery-scrollLock.min.js]
[frontend.big-skins.com/seiko/html/js/vendor/darktooltip/dist/jquery.darktooltip.js]
[frontend.big-skins.com/seiko/html/js/vendor/imagesloaded/imagesloaded.pkgd.min.js]
[frontend.big-skins.com/seiko/html/js/vendor/instafeed/instafeed.min.js]
[frontend.big-skins.com/seiko/html/js/megamenu.min.js]
[frontend.big-skins.com/seiko/html/js/tools.min.js]
[frontend.big-skins.com/seiko/html/js/app.js]
[frontend.big-skins.com/seiko/html/index.html]
[frontend.big-skins.com/seiko/html/js/vendor/bootstrap/bootstrap.min.css]
[frontend.big-skins.com/seiko/html/js/vendor/slick/slick.css]
[frontend.big-skins.com/seiko/html/js/vendor/swiper/swiper.min.css]
[frontend.big-skins.com/seiko/html/js/vendor/magnificpopup/dist/magnific-popup.css]
[frontend.big-skins.com/seiko/html/js/vendor/nouislider/nouislider.css]
[frontend.big-skins.com/seiko/html/js/vendor/darktooltip/dist/darktooltip.css]
[frontend.big-skins.com/seiko/html/css/animate.css]
[frontend.big-skins.com/seiko/html/images/block-bg-4.jpg]
[frontend.big-skins.com/seiko/html/images/loader.gif]
[frontend.big-skins.com/seiko/html/images/pixel-screen.png]
[frontend.big-skins.com/seiko/html/images/cross.png]
[frontend.big-skins.com/seiko/html/images/404-bg.jpg]
[frontend.big-skins.com/seiko/html/images/empty-cart-bg.jpg]
[frontend.big-skins.com/seiko/html/images/category-1-bg.jpg]
[frontend.big-skins.com/seiko/html/images/category-2-bg.jpg]
[frontend.big-skins.com/seiko/html/css/style.css]
[frontend.big-skins.com/seiko/html/css/megamenu.css]
[frontend.big-skins.com/seiko/html/css/tools.css]
[frontend.big-skins.com/seiko/html/css/style-color-pink.css]
[frontend.big-skins.com/seiko/html/css/style-color-green.css]
[frontend.big-skins.com/seiko/html/css/style-color-lightgreen.css]
[frontend.big-skins.com/seiko/html/css/style-color-blue.css]
[frontend.big-skins.com/seiko/html/css/style-color-lightblue.css]
[frontend.big-skins.com/seiko/html/css/style-color-violet.css]
[frontend.big-skins.com/seiko/html/css/style-color-tomato.css]
[frontend.big-skins.com/seiko/html/css/style-color-caribbean.css]
[frontend.big-skins.com/seiko/html/css/style-color-orange.css]
[frontend.big-skins.com/seiko/html/fonts/icomoon-reg/fonts/icomoon-regdef5.eot]
[frontend.big-skins.com/seiko/html/fonts/icomoon-reg/fonts/icomoon-regdef5.ttf]
[frontend.big-skins.com/seiko/html/fonts/icomoon-reg/fonts/icomoon-regdef5.woff]
[frontend.big-skins.com/seiko/html/fonts/icomoon-reg/style.css]
[frontend.big-skins.com/seiko/html/images/products/product-7.jpg]
[frontend.big-skins.com/seiko/html/images/logo.png]
[frontend.big-skins.com/seiko/html/images/category/megamenu-category-01.jpg]
[frontend.big-skins.com/seiko/html/images/category/megamenu-category-02.jpg]
[frontend.big-skins.com/seiko/html/images/products/product-1.jpg]
[frontend.big-skins.com/seiko/html/images/products/product-2.jpg]
[frontend.big-skins.com/seiko/html/images/logo-footer-small.png]
[frontend.big-skins.com/seiko/html/cart.html]
[frontend.big-skins.com/seiko/html/images/payment-logo/icon-pay-5.png]
[frontend.big-skins.com/seiko/html/checkout.html]
[frontend.big-skins.com/seiko/html/account-create.html]
[frontend.big-skins.com/seiko/html/index-2.html]
[frontend.big-skins.com/seiko/html/images/slider/slide-04-thumb.png]
[frontend.big-skins.com/seiko/html/images/slider/slide-04.jpg]
[frontend.big-skins.com/seiko/html/images/banners/banner-17.jpg]
[frontend.big-skins.com/seiko/html/images/banners/banner-18.jpg]
[frontend.big-skins.com/seiko/html/images/banners/banner-19.jpg]
[frontend.big-skins.com/seiko/html/images/banners/banner-20.jpg]
[frontend.big-skins.com/seiko/html/index-bg-white.html]
[frontend.big-skins.com/seiko/html/images/products/product-1-1.jpg]
[frontend.big-skins.com/seiko/html/images/products/product-1-2.jpg]
[frontend.big-skins.com/seiko/html/images/products/product-3.jpg]
[frontend.big-skins.com/seiko/html/images/products/product-4.jpg]
[frontend.big-skins.com/seiko/html/images/products/product-5.jpg]
[frontend.big-skins.com/seiko/html/images/products/product-6.jpg]
[frontend.big-skins.com/seiko/html/images/products/product-11-3.jpg]
[frontend.big-skins.com/seiko/html/images/products/product-12-1.jpg]
[frontend.big-skins.com/seiko/html/images/products/product-9.jpg]
[frontend.big-skins.com/seiko/html/images/products/product-8.jpg]
[frontend.big-skins.com/seiko/html/images/testimonials/testimonial-author-1.jpg]
[frontend.big-skins.com/seiko/html/images/testimonials/testimonial-author-2.jpg]
[frontend.big-skins.com/seiko/html/images/testimonials/testimonial-author-3.jpg]
[frontend.big-skins.com/seiko/html/images/testimonials/testimonial-author-4.jpg]
[frontend.big-skins.com/seiko/html/index-layout-6.html]
[frontend.big-skins.com/seiko/html/images/products/product-big-1.jpg]
[frontend.big-skins.com/seiko/html/images/products/product-big-2.jpg]
[frontend.big-skins.com/seiko/html/images/products/product-big-3.jpg]
[frontend.big-skins.com/seiko/html/images/products/product-big-4.jpg]
[frontend.big-skins.com/seiko/html/images/products/product-8-1.jpg]
[frontend.big-skins.com/seiko/html/images/products/product-7-1.jpg]
[frontend.big-skins.com/seiko/html/images/products/product-7-2.jpg]
[frontend.big-skins.com/seiko/html/images/banners/banner-5.jpg]
[frontend.big-skins.com/seiko/html/images/products/product-24.jpg]
[frontend.big-skins.com/seiko/html/images/brands/brand-01.png]
[frontend.big-skins.com/seiko/html/images/brands/brand-02.png]
[frontend.big-skins.com/seiko/html/images/brands/brand-03.png]
[frontend.big-skins.com/seiko/html/images/brands/brand-04.png]
[frontend.big-skins.com/seiko/html/images/brands/brand-05.png]
[frontend.big-skins.com/seiko/html/images/brands/brand-06.png]
[frontend.big-skins.com/seiko/html/images/brands/brand-07.png]
[frontend.big-skins.com/seiko/html/images/brands/brand-08.png]
[frontend.big-skins.com/seiko/html/images/brands/brand-09.png]
[frontend.big-skins.com/seiko/html/images/brands/brand-10.png]
[frontend.big-skins.com/seiko/html/images/brands/brand-11.png]
[frontend.big-skins.com/seiko/html/images/brands/brand-12.png]
[frontend.big-skins.com/seiko/html/images/logo-footer.png]
[frontend.big-skins.com/seiko/html/index-layout-1.html]
[frontend.big-skins.com/seiko/html/images/logo-white.png]
[frontend.big-skins.com/seiko/html/images/products/product-women-3.jpg]
[frontend.big-skins.com/seiko/html/images/products/product-women-4.jpg]
[frontend.big-skins.com/seiko/html/images/products/product-women-6.jpg]
[frontend.big-skins.com/seiko/html/images/products/product-women-2.jpg]
[frontend.big-skins.com/seiko/html/images/products/product-women-5.jpg]
[frontend.big-skins.com/seiko/html/images/products/product-women-1.jpg]
[frontend.big-skins.com/seiko/html/images/journal/category-1-img-1.jpg]
[frontend.big-skins.com/seiko/html/images/journal/category-1-img-2.jpg]
[frontend.big-skins.com/seiko/html/images/journal/category-2-img-1.jpg]
[frontend.big-skins.com/seiko/html/images/journal/category-2-img-2.jpg]
[frontend.big-skins.com/seiko/html/images/products/product-men-1.jpg]
[frontend.big-skins.com/seiko/html/images/products/product-men-2.jpg]
[frontend.big-skins.com/seiko/html/images/products/product-men-3.jpg]
[frontend.big-skins.com/seiko/html/images/products/product-men-4.jpg]
[frontend.big-skins.com/seiko/html/images/products/product-men-5.jpg]
[frontend.big-skins.com/seiko/html/images/products/product-men-6.jpg]
[frontend.big-skins.com/seiko/html/index-layout-2.html]
[frontend.big-skins.com/seiko/html/images/banners/banner-layout-1.jpg]
[frontend.big-skins.com/seiko/html/images/banners/banner-layout-2.jpg]
[frontend.big-skins.com/seiko/html/images/banners/banner-layout-3.jpg]
[frontend.big-skins.com/seiko/html/images/banners/banner-layout-4.jpg]
[frontend.big-skins.com/seiko/html/index-layout-3.html]
[frontend.big-skins.com/seiko/html/images/slider/slide-02-thumb.png]
[frontend.big-skins.com/seiko/html/index-fullscreen-slider.html]
[frontend.big-skins.com/seiko/html/images/products/product-24-1.jpg]
[frontend.big-skins.com/seiko/html/images/products/product-24-2.jpg]
[frontend.big-skins.com/seiko/html/images/products/product-23.jpg]
[frontend.big-skins.com/seiko/html/images/products/product-23-1.jpg]
[frontend.big-skins.com/seiko/html/images/products/product-23-2.jpg]
[frontend.big-skins.com/seiko/html/images/products/product-22.jpg]
[frontend.big-skins.com/seiko/html/images/testimonials/testimonial-author-5.jpg]
[frontend.big-skins.com/seiko/html/index-layout-4.html]
[frontend.big-skins.com/seiko/html/images/block-bg-2.jpg]
[frontend.big-skins.com/seiko/html/images/products/lookbook/lookbook-bg-cat-1.png]
[frontend.big-skins.com/seiko/html/images/products/lookbook/product-lookbook-cat-1-1.png]
[frontend.big-skins.com/seiko/html/images/products/lookbook/product-lookbook-cat-1-2.png]
[frontend.big-skins.com/seiko/html/images/products/lookbook/product-lookbook-cat-1-3.png]
[frontend.big-skins.com/seiko/html/images/products/lookbook/product-lookbook-cat-1-4.png]
[frontend.big-skins.com/seiko/html/images/products/lookbook/product-lookbook-cat-1-5.png]
[frontend.big-skins.com/seiko/html/images/products/lookbook/product-lookbook-cat-1-6.png]
[frontend.big-skins.com/seiko/html/images/products/lookbook/product-lookbook-cat-1-7.png]
[frontend.big-skins.com/seiko/html/images/banners/banner-12.jpg]
[frontend.big-skins.com/seiko/html/images/banners/banner-11.jpg]
[frontend.big-skins.com/seiko/html/images/banners/banner-13.jpg]
[frontend.big-skins.com/seiko/html/images/banners/banner-14.jpg]
[frontend.big-skins.com/seiko/html/images/banners/banner-15.jpg]
[frontend.big-skins.com/seiko/html/images/banners/banner-16.jpg]
[frontend.big-skins.com/seiko/html/images/block-bg-3.jpg]
[frontend.big-skins.com/seiko/html/images/products/lookbook/lookbook-bg-cat-2.png]
[frontend.big-skins.com/seiko/html/images/products/lookbook/product-lookbook-cat-2-1.png]
[frontend.big-skins.com/seiko/html/images/products/lookbook/product-lookbook-cat-2-2.png]
[frontend.big-skins.com/seiko/html/images/products/lookbook/product-lookbook-cat-2-3.png]
[frontend.big-skins.com/seiko/html/images/products/lookbook/product-lookbook-cat-2-4.png]
[frontend.big-skins.com/seiko/html/images/products/lookbook/product-lookbook-cat-2-5.png]
[frontend.big-skins.com/seiko/html/images/products/lookbook/product-lookbook-cat-2-6.png]
[frontend.big-skins.com/seiko/html/index-layout-5.html]
[frontend.big-skins.com/seiko/html/css/style-rtl.css]
[frontend.big-skins.com/seiko/html/index-rtl.html]
[frontend.big-skins.com/seiko/html/images/logo-popup.png]
[frontend.big-skins.com/seiko/html/index-popup.html]
[frontend.big-skins.com/seiko/html/images/colorswatch/color-orange.png]
[frontend.big-skins.com/seiko/html/images/colorswatch/color-pink.png]
[frontend.big-skins.com/seiko/html/images/colorswatch/color-marine.png]
[frontend.big-skins.com/seiko/html/images/colorswatch/color-darkyellow.png]
[frontend.big-skins.com/seiko/html/images/colorswatch/color-black.png]
[frontend.big-skins.com/seiko/html/images/colorswatch/color-white.png]
[frontend.big-skins.com/seiko/html/images/banners/banner-category-1.jpg]
[frontend.big-skins.com/seiko/html/images/banners/banner-category-2.jpg]
[frontend.big-skins.com/seiko/html/images/category/category-img-01.jpg]
[frontend.big-skins.com/seiko/html/images/category/category-img-02.jpg]
[frontend.big-skins.com/seiko/html/images/category/category-img-03.jpg]
[frontend.big-skins.com/seiko/html/images/category/category-img-04.jpg]
[frontend.big-skins.com/seiko/html/images/products/product-14-1.jpg]
[frontend.big-skins.com/seiko/html/category-fixed-sidebar.html]
[productreviews.shopifycdn.com/assets/v4/spr.133.delayed]
[frontend.big-skins.com/seiko/html/category.html]
[frontend.big-skins.com/seiko/html/images/category/category-img-05.jpg]
[frontend.big-skins.com/seiko/html/images/category/category-img-06.jpg]
[frontend.big-skins.com/seiko/html/images/products/product-22-1.jpg]
[frontend.big-skins.com/seiko/html/category-no-filter.html]
[frontend.big-skins.com/seiko/html/images/empty-category.png]
[frontend.big-skins.com/seiko/html/category-empty.html]
[frontend.big-skins.com/seiko/html/category-2-per-row.html]
[frontend.big-skins.com/seiko/html/category-3-per-row.html]
[frontend.big-skins.com/seiko/html/category-4-per-row.html]
[frontend.big-skins.com/seiko/html/category-5-per-row.html]
[frontend.big-skins.com/seiko/html/images/products/product-prev-preview.jpg]
[frontend.big-skins.com/seiko/html/images/products/product-next-preview.jpg]
[frontend.big-skins.com/seiko/html/images/products/large/product-gallery-1.jpg]
[frontend.big-skins.com/seiko/html/images/products/product-gallery-1.jpg]
[frontend.big-skins.com/seiko/html/images/products/large/product-gallery-2.jpg]
[frontend.big-skins.com/seiko/html/images/products/product-gallery-2.jpg]
[frontend.big-skins.com/seiko/html/images/products/large/product-gallery-3.jpg]
[frontend.big-skins.com/seiko/html/images/products/product-gallery-3.jpg]
[frontend.big-skins.com/seiko/html/images/products/product-color-red.jpg]
[frontend.big-skins.com/seiko/html/images/products/product-color-green.jpg]
[frontend.big-skins.com/seiko/html/images/products/product-color-blue.jpg]
[frontend.big-skins.com/seiko/html/images/products/product-color-yellow.jpg]
[frontend.big-skins.com/seiko/html/images/products/product-color-grey.jpg]
[frontend.big-skins.com/seiko/html/images/products/product-color-violet.jpg]
[frontend.big-skins.com/seiko/html/product.html]
[frontend.big-skins.com/seiko/html/product-image-small.html]
[frontend.big-skins.com/seiko/html/product-image-medium.html]
[frontend.big-skins.com/seiko/html/product-image-medium-plus.html]
[frontend.big-skins.com/seiko/html/product-image-large.html]
[frontend.big-skins.com/seiko/html/images/products/product-creative-2.jpg]
[frontend.big-skins.com/seiko/html/images/products/product-creative-1.jpg]
[frontend.big-skins.com/seiko/html/images/products/product-creative-3.jpg]
[frontend.big-skins.com/seiko/html/product-creative.html]
[frontend.big-skins.com/seiko/html/header-variant-1.html]
[frontend.big-skins.com/seiko/html/header-variant-2.html]
[frontend.big-skins.com/seiko/html/header-variant-3.html]
[frontend.big-skins.com/seiko/html/header-variant-4.html]
[frontend.big-skins.com/seiko/html/header-variant-5.html]
[frontend.big-skins.com/seiko/html/header-variant-6.html]
[frontend.big-skins.com/seiko/html/header-variant-7.html]
[frontend.big-skins.com/seiko/html/header-variant-8.html]
[frontend.big-skins.com/seiko/html/header-variant-9.html]
[frontend.big-skins.com/seiko/html/footer-variant-1.html]
[frontend.big-skins.com/seiko/html/footer-variant-2.html]
[frontend.big-skins.com/seiko/html/footer-variant-3.html]
[frontend.big-skins.com/seiko/html/images/block-bg-5.jpg]
[frontend.big-skins.com/seiko/html/footer-variant-4.html]
[frontend.big-skins.com/seiko/html/images/gallery/gallery-01.jpg]
[frontend.big-skins.com/seiko/html/images/gallery/gallery-02.jpg]
[frontend.big-skins.com/seiko/html/images/gallery/gallery-03.jpg]
[frontend.big-skins.com/seiko/html/images/gallery/gallery-04.jpg]
[frontend.big-skins.com/seiko/html/images/gallery/gallery-05.jpg]
[frontend.big-skins.com/seiko/html/images/gallery/gallery-06.jpg]
[frontend.big-skins.com/seiko/html/gallery.html]
[frontend.big-skins.com/seiko/html/gallery-3-per-row.html]
[frontend.big-skins.com/seiko/html/gallery-simple.html]
[frontend.big-skins.com/seiko/html/images/blog/blog-single-post.jpg]
[frontend.big-skins.com/seiko/html/images/blog/blog-single-post-02.jpg]
[frontend.big-skins.com/seiko/html/images/blog/blog-single-post-03.jpg]
[frontend.big-skins.com/seiko/html/images/blog/instagram-01.jpg]
[frontend.big-skins.com/seiko/html/images/blog/instagram-02.jpg]
[frontend.big-skins.com/seiko/html/images/blog/instagram-03.jpg]
[frontend.big-skins.com/seiko/html/images/blog/instagram-04.jpg]
[frontend.big-skins.com/seiko/html/images/blog/instagram-05.jpg]
[frontend.big-skins.com/seiko/html/images/blog/instagram-06.jpg]
[frontend.big-skins.com/seiko/html/images/blog/instagram-07.jpg]
[frontend.big-skins.com/seiko/html/images/blog/instagram-08.jpg]
[frontend.big-skins.com/seiko/html/images/blog/instagram-09.jpg]
[frontend.big-skins.com/seiko/html/images/blog/instagram-10.jpg]
[frontend.big-skins.com/seiko/html/images/blog/instagram-11.jpg]
[frontend.big-skins.com/seiko/html/images/blog/instagram-12.jpg]
[frontend.big-skins.com/seiko/html/blog.html]
[frontend.big-skins.com/seiko/html/images/blog/blog-single-post-04.jpg]
[frontend.big-skins.com/seiko/html/blog-grid-2.html]
[frontend.big-skins.com/seiko/html/images/blog/blog-single-post-05.jpg]
[frontend.big-skins.com/seiko/html/images/blog/blog-single-post-06.jpg]
[frontend.big-skins.com/seiko/html/blog-grid-3.html]
[frontend.big-skins.com/seiko/html/images/blog/blog-single-post-07.jpg]
[frontend.big-skins.com/seiko/html/images/blog/blog-single-post-08.jpg]
[frontend.big-skins.com/seiko/html/blog-grid-4.html]
[frontend.big-skins.com/seiko/html/images/blog/user-pic.png]
[frontend.big-skins.com/seiko/html/blog-single.html]
[frontend.big-skins.com/seiko/html/faq.html]
[frontend.big-skins.com/seiko/html/images/block-bg-1.jpg]
[frontend.big-skins.com/seiko/html/images/logo-big.png]
[frontend.big-skins.com/seiko/html/images/person/person-01.jpg]
[frontend.big-skins.com/seiko/html/images/person/person-02.jpg]
[frontend.big-skins.com/seiko/html/images/person/person-03.jpg]
[frontend.big-skins.com/seiko/html/images/brands/brand-square-01.png]
[frontend.big-skins.com/seiko/html/images/brands/brand-square-02.png]
[frontend.big-skins.com/seiko/html/images/brands/brand-square-03.png]
[frontend.big-skins.com/seiko/html/images/brands/brand-square-04.png]
[frontend.big-skins.com/seiko/html/images/brands/brand-square-05.png]
[frontend.big-skins.com/seiko/html/images/brands/brand-square-06.png]
[frontend.big-skins.com/seiko/html/images/brands/brand-square-07.png]
[frontend.big-skins.com/seiko/html/images/brands/brand-square-08.png]
[frontend.big-skins.com/seiko/html/images/brands/brand-square-09.png]
[frontend.big-skins.com/seiko/html/images/brands/brand-square-10.png]
[frontend.big-skins.com/seiko/html/images/brands/brand-square-11.png]
[frontend.big-skins.com/seiko/html/images/brands/brand-square-12.png]
[frontend.big-skins.com/seiko/html/about.html]
[frontend.big-skins.com/seiko/html/contact.html]
[frontend.big-skins.com/seiko/html/js/vendor/form/jquery.validate.min.js]
[frontend.big-skins.com/seiko/html/js/vendor/form/jquery.form.js]
[frontend.big-skins.com/seiko/html/images/404.png]
[frontend.big-skins.com/seiko/html/404.html]
[frontend.big-skins.com/seiko/html/typography.html]
[frontend.big-skins.com/seiko/html/coming-soon.html]
[frontend.big-skins.com/seiko/html/login.html]
[frontend.big-skins.com/seiko/html/images/empty-basket.png]
[frontend.big-skins.com/seiko/html/cart-empty.html]
[frontend.big-skins.com/seiko/html/wishlist.html]
[frontend.big-skins.com/seiko/html/quick-view.html]
[frontend.big-skins.com/seiko/html/search.html]
[frontend.big-skins.com/seiko/html/css/empty-cart-bg.html]
[frontend.big-skins.com/seiko/html/fonts/icomoon-reg/fonts/icomoon-regdef5.svg]
[frontend.big-skins.com/seiko/html/testimonials.html]
[frontend.big-skins.com/seiko/html/css/style-rtl.css]
[productreviews.shopifycdn.com/assets/v4/spr.html]
[frontend.big-skins.com/seiko/html/index-header-2.html]
[frontend.big-skins.com/seiko/html/index-header-3.html]
[frontend.big-skins.com/seiko/html/index-header-4.html]
[frontend.big-skins.com/seiko/html/index-header-5.html]
[frontend.big-skins.com/seiko/html/index-header-6.html]
[frontend.big-skins.com/seiko/html/index-header-7.html]
[frontend.big-skins.com/seiko/html/index-header-8.html]
[frontend.big-skins.com/seiko/html/js/megamenu.html]
